<?xml version="1.0" encoding="UTF-8"?>
<testsuites name="Jest Tests" tests="1" failures="0" errors="0" time="4.543">
  <testsuite name="undefined" errors="0" failures="0" skipped="0" timestamp="2025-09-05T07:15:32" time="2.633" tests="1">
    <testcase classname=" renders App component without crashing" name=" renders App component without crashing" time="0.293">
    </testcase>
  </testsuite>
</testsuites>